Archive member included because of file (symbol)

c:/program files (x86)/atmel/atmel toolchain/avr8 gcc/native/3.4.1061/avr8-gnu-toolchain/bin/../lib/gcc/avr/4.8.1/avr4\libgcc.a(_udivmodsi4.o)
                              TIMER1.o (__udivmodsi4)
c:/program files (x86)/atmel/atmel toolchain/avr8 gcc/native/3.4.1061/avr8-gnu-toolchain/bin/../lib/gcc/avr/4.8.1/avr4\libgcc.a(_exit.o)
                              c:/program files (x86)/atmel/atmel toolchain/avr8 gcc/native/3.4.1061/avr8-gnu-toolchain/bin/../lib/gcc/avr/4.8.1/../../../../avr/lib/avr4/crtm8a.o (exit)
c:/program files (x86)/atmel/atmel toolchain/avr8 gcc/native/3.4.1061/avr8-gnu-toolchain/bin/../lib/gcc/avr/4.8.1/avr4\libgcc.a(_clear_bss.o)
                              CAPACITIVE_TOUCH.o (__do_clear_bss)

Allocating common symbols
Common symbol       size              file

CAP1                0x2               CONTROL_BUTTONS.o
CAPACITIVE_TOUCH_BUTTONS_ARRAY
                    0x3c              CAPACITIVE_TOUCH.o

Discarded input sections

 .data          0x00000000        0x0 c:/program files (x86)/atmel/atmel toolchain/avr8 gcc/native/3.4.1061/avr8-gnu-toolchain/bin/../lib/gcc/avr/4.8.1/../../../../avr/lib/avr4/crtm8a.o
 .bss           0x00000000        0x0 c:/program files (x86)/atmel/atmel toolchain/avr8 gcc/native/3.4.1061/avr8-gnu-toolchain/bin/../lib/gcc/avr/4.8.1/../../../../avr/lib/avr4/crtm8a.o
 .text          0x00000000        0x0 CAPACITIVE_TOUCH.o
 .data          0x00000000        0x0 CAPACITIVE_TOUCH.o
 .bss           0x00000000        0x0 CAPACITIVE_TOUCH.o
 .text          0x00000000        0x0 CLOCK_MANAGE.o
 .data          0x00000000        0x0 CLOCK_MANAGE.o
 .bss           0x00000000        0x0 CLOCK_MANAGE.o
 .text.ADJUST_CLOCK
                0x00000000       0x40 CLOCK_MANAGE.o
 .text          0x00000000        0x0 CONTROL_BUTTONS.o
 .data          0x00000000        0x0 CONTROL_BUTTONS.o
 .bss           0x00000000        0x0 CONTROL_BUTTONS.o
 .text          0x00000000        0x0 DIGITAL_7_SEG.o
 .data          0x00000000        0x0 DIGITAL_7_SEG.o
 .bss           0x00000000        0x0 DIGITAL_7_SEG.o
 .text          0x00000000        0x0 DIGITAL_CLOCK_CODE.o
 .data          0x00000000        0x0 DIGITAL_CLOCK_CODE.o
 .bss           0x00000000        0x0 DIGITAL_CLOCK_CODE.o
 .text          0x00000000        0x0 microconfigrations.o
 .data          0x00000000        0x0 microconfigrations.o
 .bss           0x00000000        0x0 microconfigrations.o
 .text.DIGwrite
                0x00000000       0x34 microconfigrations.o
 .text.DIGread  0x00000000       0x14 microconfigrations.o
 .text          0x00000000        0x0 timer0.o
 .data          0x00000000        0x0 timer0.o
 .bss           0x00000000        0x0 timer0.o
 .text          0x00000000        0x0 TIMER1.o
 .data          0x00000000        0x0 TIMER1.o
 .bss           0x00000000        0x0 TIMER1.o
 .text.TIMER1_READ_COUNTER
                0x00000000        0xa TIMER1.o
 .text.TIMER1_ENABLE_NORMAL_MODE
                0x00000000       0x3a TIMER1.o
 .text.TIMER1_ENABLE_CTC_OCRCA_MODE
                0x00000000      0x15a TIMER1.o
 .text.TIMER1_ENABLE_FREQ_DIV_MODE
                0x00000000       0x50 TIMER1.o
 .text.TIMER1_READ_OCR1A
                0x00000000       0x2c TIMER1.o
 .text.TIMER1_SET_OCR1A
                0x00000000        0x6 TIMER1.o
 .text.TIMER1_SET_OCR1B
                0x00000000        0x6 TIMER1.o
 .text.TIMER1_READ_OCR1B
                0x00000000        0xa TIMER1.o
 .text.T1_ENABLE_FOCA
                0x00000000        0x8 TIMER1.o
 .text.T1_ENABLE_FOCB
                0x00000000        0x8 TIMER1.o
 .text.T1_DISABLE_FOCA
                0x00000000        0x8 TIMER1.o
 .text.T1_DISABLE_FOCB
                0x00000000        0x8 TIMER1.o
 .text.TIMER1_FAST_PWM
                0x00000000       0x50 TIMER1.o
 .bss.clock_carry_1
                0x00000000        0x8 TIMER1.o
 .text          0x00000000        0x0 TIMER2.o
 .data          0x00000000        0x0 TIMER2.o
 .bss           0x00000000        0x0 TIMER2.o
 .text.TIMER2_ENABLE
                0x00000000       0x7a TIMER2.o
 .text.TIMER2_READ_COUNTER
                0x00000000        0x4 TIMER2.o
 .text.TIMER2_SET_COUNTER
                0x00000000        0x4 TIMER2.o
 .text.TIMER2_READ_OCR2
                0x00000000        0x4 TIMER2.o
 .text.TIMER2_SET_OCR2
                0x00000000        0x4 TIMER2.o
 .text.TIMER2_DISABLE
                0x00000000        0xa TIMER2.o
 .debug_info    0x00000000      0x2d9 TIMER2.o
 .debug_abbrev  0x00000000      0x12a TIMER2.o
 .debug_loc     0x00000000      0x13d TIMER2.o
 .debug_aranges
                0x00000000       0x48 TIMER2.o
 .debug_ranges  0x00000000       0x38 TIMER2.o
 .debug_line    0x00000000       0xd1 TIMER2.o
 .debug_str     0x00000000      0x3a1 TIMER2.o
 .comment       0x00000000       0x31 TIMER2.o
 .debug_frame   0x00000000       0x90 TIMER2.o
 .text          0x00000000        0x0 c:/program files (x86)/atmel/atmel toolchain/avr8 gcc/native/3.4.1061/avr8-gnu-toolchain/bin/../lib/gcc/avr/4.8.1/avr4\libgcc.a(_udivmodsi4.o)
 .data          0x00000000        0x0 c:/program files (x86)/atmel/atmel toolchain/avr8 gcc/native/3.4.1061/avr8-gnu-toolchain/bin/../lib/gcc/avr/4.8.1/avr4\libgcc.a(_udivmodsi4.o)
 .bss           0x00000000        0x0 c:/program files (x86)/atmel/atmel toolchain/avr8 gcc/native/3.4.1061/avr8-gnu-toolchain/bin/../lib/gcc/avr/4.8.1/avr4\libgcc.a(_udivmodsi4.o)
 .text.libgcc.mul
                0x00000000        0x0 c:/program files (x86)/atmel/atmel toolchain/avr8 gcc/native/3.4.1061/avr8-gnu-toolchain/bin/../lib/gcc/avr/4.8.1/avr4\libgcc.a(_udivmodsi4.o)
 .text.libgcc.div
                0x00000000       0x44 c:/program files (x86)/atmel/atmel toolchain/avr8 gcc/native/3.4.1061/avr8-gnu-toolchain/bin/../lib/gcc/avr/4.8.1/avr4\libgcc.a(_udivmodsi4.o)
 .text.libgcc   0x00000000        0x0 c:/program files (x86)/atmel/atmel toolchain/avr8 gcc/native/3.4.1061/avr8-gnu-toolchain/bin/../lib/gcc/avr/4.8.1/avr4\libgcc.a(_udivmodsi4.o)
 .text.libgcc.prologue
                0x00000000        0x0 c:/program files (x86)/atmel/atmel toolchain/avr8 gcc/native/3.4.1061/avr8-gnu-toolchain/bin/../lib/gcc/avr/4.8.1/avr4\libgcc.a(_udivmodsi4.o)
 .text.libgcc.builtins
                0x00000000        0x0 c:/program files (x86)/atmel/atmel toolchain/avr8 gcc/native/3.4.1061/avr8-gnu-toolchain/bin/../lib/gcc/avr/4.8.1/avr4\libgcc.a(_udivmodsi4.o)
 .text.libgcc.fmul
                0x00000000        0x0 c:/program files (x86)/atmel/atmel toolchain/avr8 gcc/native/3.4.1061/avr8-gnu-toolchain/bin/../lib/gcc/avr/4.8.1/avr4\libgcc.a(_udivmodsi4.o)
 .text.libgcc.fixed
                0x00000000        0x0 c:/program files (x86)/atmel/atmel toolchain/avr8 gcc/native/3.4.1061/avr8-gnu-toolchain/bin/../lib/gcc/avr/4.8.1/avr4\libgcc.a(_udivmodsi4.o)
 .text          0x00000000        0x0 c:/program files (x86)/atmel/atmel toolchain/avr8 gcc/native/3.4.1061/avr8-gnu-toolchain/bin/../lib/gcc/avr/4.8.1/avr4\libgcc.a(_exit.o)
 .data          0x00000000        0x0 c:/program files (x86)/atmel/atmel toolchain/avr8 gcc/native/3.4.1061/avr8-gnu-toolchain/bin/../lib/gcc/avr/4.8.1/avr4\libgcc.a(_exit.o)
 .bss           0x00000000        0x0 c:/program files (x86)/atmel/atmel toolchain/avr8 gcc/native/3.4.1061/avr8-gnu-toolchain/bin/../lib/gcc/avr/4.8.1/avr4\libgcc.a(_exit.o)
 .text.libgcc.mul
                0x00000000        0x0 c:/program files (x86)/atmel/atmel toolchain/avr8 gcc/native/3.4.1061/avr8-gnu-toolchain/bin/../lib/gcc/avr/4.8.1/avr4\libgcc.a(_exit.o)
 .text.libgcc.div
                0x00000000        0x0 c:/program files (x86)/atmel/atmel toolchain/avr8 gcc/native/3.4.1061/avr8-gnu-toolchain/bin/../lib/gcc/avr/4.8.1/avr4\libgcc.a(_exit.o)
 .text.libgcc   0x00000000        0x0 c:/program files (x86)/atmel/atmel toolchain/avr8 gcc/native/3.4.1061/avr8-gnu-toolchain/bin/../lib/gcc/avr/4.8.1/avr4\libgcc.a(_exit.o)
 .text.libgcc.prologue
                0x00000000        0x0 c:/program files (x86)/atmel/atmel toolchain/avr8 gcc/native/3.4.1061/avr8-gnu-toolchain/bin/../lib/gcc/avr/4.8.1/avr4\libgcc.a(_exit.o)
 .text.libgcc.builtins
                0x00000000        0x0 c:/program files (x86)/atmel/atmel toolchain/avr8 gcc/native/3.4.1061/avr8-gnu-toolchain/bin/../lib/gcc/avr/4.8.1/avr4\libgcc.a(_exit.o)
 .text.libgcc.fmul
                0x00000000        0x0 c:/program files (x86)/atmel/atmel toolchain/avr8 gcc/native/3.4.1061/avr8-gnu-toolchain/bin/../lib/gcc/avr/4.8.1/avr4\libgcc.a(_exit.o)
 .text.libgcc.fixed
                0x00000000        0x0 c:/program files (x86)/atmel/atmel toolchain/avr8 gcc/native/3.4.1061/avr8-gnu-toolchain/bin/../lib/gcc/avr/4.8.1/avr4\libgcc.a(_exit.o)
 .text          0x00000000        0x0 c:/program files (x86)/atmel/atmel toolchain/avr8 gcc/native/3.4.1061/avr8-gnu-toolchain/bin/../lib/gcc/avr/4.8.1/avr4\libgcc.a(_clear_bss.o)
 .data          0x00000000        0x0 c:/program files (x86)/atmel/atmel toolchain/avr8 gcc/native/3.4.1061/avr8-gnu-toolchain/bin/../lib/gcc/avr/4.8.1/avr4\libgcc.a(_clear_bss.o)
 .bss           0x00000000        0x0 c:/program files (x86)/atmel/atmel toolchain/avr8 gcc/native/3.4.1061/avr8-gnu-toolchain/bin/../lib/gcc/avr/4.8.1/avr4\libgcc.a(_clear_bss.o)
 .text.libgcc.mul
                0x00000000        0x0 c:/program files (x86)/atmel/atmel toolchain/avr8 gcc/native/3.4.1061/avr8-gnu-toolchain/bin/../lib/gcc/avr/4.8.1/avr4\libgcc.a(_clear_bss.o)
 .text.libgcc.div
                0x00000000        0x0 c:/program files (x86)/atmel/atmel toolchain/avr8 gcc/native/3.4.1061/avr8-gnu-toolchain/bin/../lib/gcc/avr/4.8.1/avr4\libgcc.a(_clear_bss.o)
 .text.libgcc   0x00000000        0x0 c:/program files (x86)/atmel/atmel toolchain/avr8 gcc/native/3.4.1061/avr8-gnu-toolchain/bin/../lib/gcc/avr/4.8.1/avr4\libgcc.a(_clear_bss.o)
 .text.libgcc.prologue
                0x00000000        0x0 c:/program files (x86)/atmel/atmel toolchain/avr8 gcc/native/3.4.1061/avr8-gnu-toolchain/bin/../lib/gcc/avr/4.8.1/avr4\libgcc.a(_clear_bss.o)
 .text.libgcc.builtins
                0x00000000        0x0 c:/program files (x86)/atmel/atmel toolchain/avr8 gcc/native/3.4.1061/avr8-gnu-toolchain/bin/../lib/gcc/avr/4.8.1/avr4\libgcc.a(_clear_bss.o)
 .text.libgcc.fmul
                0x00000000        0x0 c:/program files (x86)/atmel/atmel toolchain/avr8 gcc/native/3.4.1061/avr8-gnu-toolchain/bin/../lib/gcc/avr/4.8.1/avr4\libgcc.a(_clear_bss.o)
 .text.libgcc.fixed
                0x00000000        0x0 c:/program files (x86)/atmel/atmel toolchain/avr8 gcc/native/3.4.1061/avr8-gnu-toolchain/bin/../lib/gcc/avr/4.8.1/avr4\libgcc.a(_clear_bss.o)

Memory Configuration

Name             Origin             Length             Attributes
text             0x00000000         0x00002000         xr
data             0x00800060         0x0000ffa0         rw !x
eeprom           0x00810000         0x00010000         rw !x
fuse             0x00820000         0x00000400         rw !x
lock             0x00830000         0x00000400         rw !x
signature        0x00840000         0x00000400         rw !x
user_signatures  0x00850000         0x00000400         rw !x
*default*        0x00000000         0xffffffff

Linker script and memory map

LOAD c:/program files (x86)/atmel/atmel toolchain/avr8 gcc/native/3.4.1061/avr8-gnu-toolchain/bin/../lib/gcc/avr/4.8.1/../../../../avr/lib/avr4/crtm8a.o
LOAD CAPACITIVE_TOUCH.o
LOAD CLOCK_MANAGE.o
LOAD CONTROL_BUTTONS.o
LOAD DIGITAL_7_SEG.o
LOAD DIGITAL_CLOCK_CODE.o
LOAD microconfigrations.o
LOAD timer0.o
LOAD TIMER1.o
LOAD TIMER2.o
START GROUP
LOAD c:/program files (x86)/atmel/atmel toolchain/avr8 gcc/native/3.4.1061/avr8-gnu-toolchain/bin/../lib/gcc/avr/4.8.1/../../../../avr/lib/avr4\libm.a
END GROUP
START GROUP
LOAD c:/program files (x86)/atmel/atmel toolchain/avr8 gcc/native/3.4.1061/avr8-gnu-toolchain/bin/../lib/gcc/avr/4.8.1/avr4\libgcc.a
LOAD c:/program files (x86)/atmel/atmel toolchain/avr8 gcc/native/3.4.1061/avr8-gnu-toolchain/bin/../lib/gcc/avr/4.8.1/../../../../avr/lib/avr4\libm.a
LOAD c:/program files (x86)/atmel/atmel toolchain/avr8 gcc/native/3.4.1061/avr8-gnu-toolchain/bin/../lib/gcc/avr/4.8.1/../../../../avr/lib/avr4\libc.a
END GROUP

.hash
 *(.hash)

.dynsym
 *(.dynsym)

.dynstr
 *(.dynstr)

.gnu.version
 *(.gnu.version)

.gnu.version_d
 *(.gnu.version_d)

.gnu.version_r
 *(.gnu.version_r)

.rel.init
 *(.rel.init)

.rela.init
 *(.rela.init)

.rel.text
 *(.rel.text)
 *(.rel.text.*)
 *(.rel.gnu.linkonce.t*)

.rela.text
 *(.rela.text)
 *(.rela.text.*)
 *(.rela.gnu.linkonce.t*)

.rel.fini
 *(.rel.fini)

.rela.fini
 *(.rela.fini)

.rel.rodata
 *(.rel.rodata)
 *(.rel.rodata.*)
 *(.rel.gnu.linkonce.r*)

.rela.rodata
 *(.rela.rodata)
 *(.rela.rodata.*)
 *(.rela.gnu.linkonce.r*)

.rel.data
 *(.rel.data)
 *(.rel.data.*)
 *(.rel.gnu.linkonce.d*)

.rela.data
 *(.rela.data)
 *(.rela.data.*)
 *(.rela.gnu.linkonce.d*)

.rel.ctors
 *(.rel.ctors)

.rela.ctors
 *(.rela.ctors)

.rel.dtors
 *(.rel.dtors)

.rela.dtors
 *(.rela.dtors)

.rel.got
 *(.rel.got)

.rela.got
 *(.rela.got)

.rel.bss
 *(.rel.bss)

.rela.bss
 *(.rela.bss)

.rel.plt
 *(.rel.plt)

.rela.plt
 *(.rela.plt)

.text           0x00000000      0x9bc
 *(.vectors)
 .vectors       0x00000000       0x26 c:/program files (x86)/atmel/atmel toolchain/avr8 gcc/native/3.4.1061/avr8-gnu-toolchain/bin/../lib/gcc/avr/4.8.1/../../../../avr/lib/avr4/crtm8a.o
                0x00000000                __vector_default
                0x00000000                __vectors
 *(.vectors)
 *(.progmem.gcc*)
 .progmem.gcc_sw_table.APPLY_DIGIT
                0x00000026       0x14 DIGITAL_7_SEG.o
                0x0000003a                . = ALIGN (0x2)
                0x0000003a                __trampolines_start = .
 *(.trampolines)
 .trampolines   0x0000003a        0x0 linker stubs
 *(.trampolines*)
                0x0000003a                __trampolines_end = .
 *(.progmem*)
                0x0000003a                . = ALIGN (0x2)
 *(.jumptables)
 *(.jumptables*)
 *(.lowtext)
 *(.lowtext*)
                0x0000003a                __ctors_start = .
 *(.ctors)
                0x0000003a                __ctors_end = .
                0x0000003a                __dtors_start = .
 *(.dtors)
                0x0000003a                __dtors_end = .
 SORT(*)(.ctors)
 SORT(*)(.dtors)
 *(.init0)
 .init0         0x0000003a        0x0 c:/program files (x86)/atmel/atmel toolchain/avr8 gcc/native/3.4.1061/avr8-gnu-toolchain/bin/../lib/gcc/avr/4.8.1/../../../../avr/lib/avr4/crtm8a.o
                0x0000003a                __init
 *(.init0)
 *(.init1)
 *(.init1)
 *(.init2)
 .init2         0x0000003a        0xc c:/program files (x86)/atmel/atmel toolchain/avr8 gcc/native/3.4.1061/avr8-gnu-toolchain/bin/../lib/gcc/avr/4.8.1/../../../../avr/lib/avr4/crtm8a.o
 *(.init2)
 *(.init3)
 *(.init3)
 *(.init4)
 .init4         0x00000046       0x10 c:/program files (x86)/atmel/atmel toolchain/avr8 gcc/native/3.4.1061/avr8-gnu-toolchain/bin/../lib/gcc/avr/4.8.1/avr4\libgcc.a(_clear_bss.o)
                0x00000046                __do_clear_bss
 *(.init4)
 *(.init5)
 *(.init5)
 *(.init6)
 *(.init6)
 *(.init7)
 *(.init7)
 *(.init8)
 *(.init8)
 *(.init9)
 .init9         0x00000056        0x4 c:/program files (x86)/atmel/atmel toolchain/avr8 gcc/native/3.4.1061/avr8-gnu-toolchain/bin/../lib/gcc/avr/4.8.1/../../../../avr/lib/avr4/crtm8a.o
 *(.init9)
 *(.text)
 .text          0x0000005a        0x2 c:/program files (x86)/atmel/atmel toolchain/avr8 gcc/native/3.4.1061/avr8-gnu-toolchain/bin/../lib/gcc/avr/4.8.1/../../../../avr/lib/avr4/crtm8a.o
                0x0000005a                __vector_1
                0x0000005a                __vector_12
                0x0000005a                __bad_interrupt
                0x0000005a                __vector_3
                0x0000005a                __vector_11
                0x0000005a                __vector_13
                0x0000005a                __vector_17
                0x0000005a                __vector_7
                0x0000005a                __vector_5
                0x0000005a                __vector_2
                0x0000005a                __vector_15
                0x0000005a                __vector_8
                0x0000005a                __vector_14
                0x0000005a                __vector_10
                0x0000005a                __vector_16
                0x0000005a                __vector_18
                0x0000005c                . = ALIGN (0x2)
 *(.text.*)
 .text.NEW_CAPACITIVE_BUTTON
                0x0000005c       0xd2 CAPACITIVE_TOUCH.o
                0x0000005c                NEW_CAPACITIVE_BUTTON
 .text.READ_CAPACITIVE
                0x0000012e      0x18a CAPACITIVE_TOUCH.o
                0x0000012e                READ_CAPACITIVE
 .text.CHECK_ALL_CAPACITIVES
                0x000002b8       0x3a CAPACITIVE_TOUCH.o
                0x000002b8                CHECK_ALL_CAPACITIVES
 .text.INCREMENT_SEC
                0x000002f2       0x3e CLOCK_MANAGE.o
                0x000002f2                INCREMENT_SEC
 .text.APPLY_CLOCK
                0x00000330       0xa0 CLOCK_MANAGE.o
                0x00000330                APPLY_CLOCK
 .text.MIN_INCREMENT
                0x000003d0       0x22 CLOCK_MANAGE.o
                0x000003d0                MIN_INCREMENT
 .text.SEC_INCREMENT
                0x000003f2       0x22 CLOCK_MANAGE.o
                0x000003f2                SEC_INCREMENT
 .text.HOUR_INCREMENT
                0x00000414       0x20 CLOCK_MANAGE.o
                0x00000414                HOUR_INCREMENT
 .text.CONTROL_BUTTONS_INTILIZE
                0x00000434       0xb4 CONTROL_BUTTONS.o
                0x00000434                CONTROL_BUTTONS_INTILIZE
 .text.CONTROL_CAPTURE
                0x000004e8      0x150 CONTROL_BUTTONS.o
                0x000004e8                CONTROL_CAPTURE
 .text.DIG_INTILIZE
                0x00000638        0xa DIGITAL_7_SEG.o
                0x00000638                DIG_INTILIZE
 .text.DIGITS_DISABLE
                0x00000642        0xe DIGITAL_7_SEG.o
                0x00000642                DIGITS_DISABLE
 .text.APPLY_DIGIT
                0x00000650       0x74 DIGITAL_7_SEG.o
                0x00000650                APPLY_DIGIT
 .text.DIG_START_SHOW_SEGMENTS
                0x000006c4        0xc DIGITAL_7_SEG.o
                0x000006c4                DIG_START_SHOW_SEGMENTS
 .text.DIG_STOP_SHOW_SEGMENTS
                0x000006d0        0xc DIGITAL_7_SEG.o
                0x000006d0                DIG_STOP_SHOW_SEGMENTS
 .text.__vector_9
                0x000006dc       0x5e DIGITAL_CLOCK_CODE.o
                0x000006dc                __vector_9
 .text.__vector_6
                0x0000073a       0x48 DIGITAL_CLOCK_CODE.o
                0x0000073a                __vector_6
 .text.__vector_4
                0x00000782       0x80 DIGITAL_CLOCK_CODE.o
                0x00000782                __vector_4
 .text.main     0x00000802       0x2c DIGITAL_CLOCK_CODE.o
                0x00000802                main
 .text.gpio_inputconfg
                0x0000082e       0x3a microconfigrations.o
                0x0000082e                gpio_inputconfg
 .text.gpio_outputconfg
                0x00000868       0x3a microconfigrations.o
                0x00000868                gpio_outputconfg
 .text.TIMER0_ENABLE
                0x000008a2       0x24 timer0.o
                0x000008a2                TIMER0_ENABLE
 .text.TIMER0_DISABLE
                0x000008c6        0x8 timer0.o
                0x000008c6                TIMER0_DISABLE
 .text.TIMER0_COUNT_RESET
                0x000008ce       0x24 timer0.o
                0x000008ce                TIMER0_COUNT_RESET
 .text.TIMER1_SET_COUNTER
                0x000008f2        0x6 TIMER1.o
                0x000008f2                TIMER1_SET_COUNTER
 .text.TIMER1_ENABLE
                0x000008f8       0xb4 TIMER1.o
                0x000008f8                TIMER1_ENABLE
 .text.TIMER1_DISABLE
                0x000009ac        0xc TIMER1.o
                0x000009ac                TIMER1_DISABLE
                0x000009b8                . = ALIGN (0x2)
 *(.fini9)
 .fini9         0x000009b8        0x0 c:/program files (x86)/atmel/atmel toolchain/avr8 gcc/native/3.4.1061/avr8-gnu-toolchain/bin/../lib/gcc/avr/4.8.1/avr4\libgcc.a(_exit.o)
                0x000009b8                _exit
                0x000009b8                exit
 *(.fini9)
 *(.fini8)
 *(.fini8)
 *(.fini7)
 *(.fini7)
 *(.fini6)
 *(.fini6)
 *(.fini5)
 *(.fini5)
 *(.fini4)
 *(.fini4)
 *(.fini3)
 *(.fini3)
 *(.fini2)
 *(.fini2)
 *(.fini1)
 *(.fini1)
 *(.fini0)
 .fini0         0x000009b8        0x4 c:/program files (x86)/atmel/atmel toolchain/avr8 gcc/native/3.4.1061/avr8-gnu-toolchain/bin/../lib/gcc/avr/4.8.1/avr4\libgcc.a(_exit.o)
 *(.fini0)
                0x000009bc                _etext = .

.data           0x00800060        0x0 load address 0x000009bc
                0x00800060                PROVIDE (__data_start, .)
 *(.data)
 *(.data*)
 *(.rodata)
 *(.rodata*)
 *(.gnu.linkonce.d*)
                0x00800060                . = ALIGN (0x2)
                0x00800060                _edata = .
                0x00800060                PROVIDE (__data_end, .)

.bss            0x00800060       0x5f
                0x00800060                PROVIDE (__bss_start, .)
 *(.bss)
 *(.bss*)
 .bss.counter   0x00800060        0x4 CAPACITIVE_TOUCH.o
                0x00800060                counter
 .bss.NUMBER_OF_DECLARED_BUTTONS
                0x00800064        0x1 CAPACITIVE_TOUCH.o
                0x00800064                NUMBER_OF_DECLARED_BUTTONS
 .bss.CLOCK_DIGITS
                0x00800065        0x6 CLOCK_MANAGE.o
                0x00800065                CLOCK_DIGITS
 .bss.CLOCK     0x0080006b        0x3 CLOCK_MANAGE.o
                0x0080006b                CLOCK
 .bss.BUFFERSHOW
                0x0080006e        0x2 CONTROL_BUTTONS.o
                0x0080006e                BUFFERSHOW
 .bss.BUFFERHOUR
                0x00800070        0x2 CONTROL_BUTTONS.o
                0x00800070                BUFFERHOUR
 .bss.BUFFERMIN
                0x00800072        0x2 CONTROL_BUTTONS.o
                0x00800072                BUFFERMIN
 .bss.BUFFERSEC
                0x00800074        0x2 CONTROL_BUTTONS.o
                0x00800074                BUFFERSEC
 .bss.APP_STATE
                0x00800076        0x1 CONTROL_BUTTONS.o
                0x00800076                APP_STATE
 .bss.TIMER0_COUNTER_FOR_SHOWING
                0x00800077        0x1 CONTROL_BUTTONS.o
                0x00800077                TIMER0_COUNTER_FOR_SHOWING
 .bss.i         0x00800078        0x1 DIGITAL_CLOCK_CODE.o
                0x00800078                i
 .bss.clock_carry
                0x00800079        0x8 timer0.o
 *(COMMON)
 COMMON         0x00800081       0x3c CAPACITIVE_TOUCH.o
                0x00800081                CAPACITIVE_TOUCH_BUTTONS_ARRAY
 COMMON         0x008000bd        0x2 CONTROL_BUTTONS.o
                0x008000bd                CAP1
                0x008000bf                PROVIDE (__bss_end, .)
                0x000009bc                __data_load_start = LOADADDR (.data)
                0x000009bc                __data_load_end = (__data_load_start + SIZEOF (.data))

.noinit         0x008000bf        0x0
                0x008000bf                PROVIDE (__noinit_start, .)
 *(.noinit*)
                0x008000bf                PROVIDE (__noinit_end, .)
                0x008000bf                _end = .
                0x008000bf                PROVIDE (__heap_start, .)

.eeprom         0x00810000        0x0
 *(.eeprom*)
                0x00810000                __eeprom_end = .

.fuse
 *(.fuse)
 *(.lfuse)
 *(.hfuse)
 *(.efuse)

.lock
 *(.lock*)

.signature
 *(.signature*)

.user_signatures
 *(.user_signatures*)

.stab
 *(.stab)

.stabstr
 *(.stabstr)

.stab.excl
 *(.stab.excl)

.stab.exclstr
 *(.stab.exclstr)

.stab.index
 *(.stab.index)

.stab.indexstr
 *(.stab.indexstr)

.comment        0x00000000       0x30
 *(.comment)
 .comment       0x00000000       0x30 CAPACITIVE_TOUCH.o
                                 0x31 (size before relaxing)
 .comment       0x00000000       0x31 CLOCK_MANAGE.o
 .comment       0x00000000       0x31 CONTROL_BUTTONS.o
 .comment       0x00000000       0x31 DIGITAL_7_SEG.o
 .comment       0x00000000       0x31 DIGITAL_CLOCK_CODE.o
 .comment       0x00000000       0x31 microconfigrations.o
 .comment       0x00000000       0x31 timer0.o
 .comment       0x00000000       0x31 TIMER1.o

.note.gnu.build-id
 *(.note.gnu.build-id)

.debug
 *(.debug)

.line
 *(.line)

.debug_srcinfo
 *(.debug_srcinfo)

.debug_sfnames
 *(.debug_sfnames)

.debug_aranges  0x00000000      0x218
 *(.debug_aranges)
 .debug_aranges
                0x00000000       0x30 CAPACITIVE_TOUCH.o
 .debug_aranges
                0x00000030       0x48 CLOCK_MANAGE.o
 .debug_aranges
                0x00000078       0x28 CONTROL_BUTTONS.o
 .debug_aranges
                0x000000a0       0x40 DIGITAL_7_SEG.o
 .debug_aranges
                0x000000e0       0x38 DIGITAL_CLOCK_CODE.o
 .debug_aranges
                0x00000118       0x38 microconfigrations.o
 .debug_aranges
                0x00000150       0x30 timer0.o
 .debug_aranges
                0x00000180       0x98 TIMER1.o

.debug_pubnames
 *(.debug_pubnames)

.debug_info     0x00000000     0x1f2f
 *(.debug_info .gnu.linkonce.wi.*)
 .debug_info    0x00000000      0x479 CAPACITIVE_TOUCH.o
 .debug_info    0x00000479      0x1f4 CLOCK_MANAGE.o
 .debug_info    0x0000066d      0x7a5 CONTROL_BUTTONS.o
 .debug_info    0x00000e12      0x1d2 DIGITAL_7_SEG.o
 .debug_info    0x00000fe4      0x402 DIGITAL_CLOCK_CODE.o
 .debug_info    0x000013e6      0x220 microconfigrations.o
 .debug_info    0x00001606      0x164 timer0.o
 .debug_info    0x0000176a      0x7c5 TIMER1.o

.debug_abbrev   0x00000000      0x9ed
 *(.debug_abbrev)
 .debug_abbrev  0x00000000      0x20b CAPACITIVE_TOUCH.o
 .debug_abbrev  0x0000020b       0xe0 CLOCK_MANAGE.o
 .debug_abbrev  0x000002eb      0x176 CONTROL_BUTTONS.o
 .debug_abbrev  0x00000461       0xc7 DIGITAL_7_SEG.o
 .debug_abbrev  0x00000528      0x139 DIGITAL_CLOCK_CODE.o
 .debug_abbrev  0x00000661       0xf2 microconfigrations.o
 .debug_abbrev  0x00000753       0xb3 timer0.o
 .debug_abbrev  0x00000806      0x1e7 TIMER1.o

.debug_line     0x00000000      0x838
 *(.debug_line .debug_line.* .debug_line_end)
 .debug_line    0x00000000      0x1e2 CAPACITIVE_TOUCH.o
 .debug_line    0x000001e2       0xaf CLOCK_MANAGE.o
 .debug_line    0x00000291      0x11f CONTROL_BUTTONS.o
 .debug_line    0x000003b0       0xd2 DIGITAL_7_SEG.o
 .debug_line    0x00000482       0xeb DIGITAL_CLOCK_CODE.o
 .debug_line    0x0000056d       0xa6 microconfigrations.o
 .debug_line    0x00000613       0x80 timer0.o
 .debug_line    0x00000693      0x1a5 TIMER1.o

.debug_frame    0x00000000      0x60c
 *(.debug_frame)
 .debug_frame   0x00000000       0xac CAPACITIVE_TOUCH.o
 .debug_frame   0x000000ac       0x74 CLOCK_MANAGE.o
 .debug_frame   0x00000120       0x9c CONTROL_BUTTONS.o
 .debug_frame   0x000001bc       0x64 DIGITAL_7_SEG.o
 .debug_frame   0x00000220      0x134 DIGITAL_CLOCK_CODE.o
 .debug_frame   0x00000354       0x54 microconfigrations.o
 .debug_frame   0x000003a8       0x44 timer0.o
 .debug_frame   0x000003ec      0x220 TIMER1.o

.debug_str      0x00000000      0xc98
 *(.debug_str)
 .debug_str     0x00000000      0x3ab CAPACITIVE_TOUCH.o
                                0x44b (size before relaxing)
 .debug_str     0x000003ab       0x88 CLOCK_MANAGE.o
                                0x22b (size before relaxing)
 .debug_str     0x00000433      0x48d CONTROL_BUTTONS.o
                                0x745 (size before relaxing)
 .debug_str     0x000008c0      0x107 DIGITAL_7_SEG.o
                                0x2d0 (size before relaxing)
 .debug_str     0x000009c7       0x4f DIGITAL_CLOCK_CODE.o
                                0x531 (size before relaxing)
 .debug_str     0x00000a16       0x8f microconfigrations.o
                                0x284 (size before relaxing)
 .debug_str     0x00000aa5       0x22 timer0.o
                                0x2a0 (size before relaxing)
 .debug_str     0x00000ac7      0x1d1 TIMER1.o
                                0x688 (size before relaxing)

.debug_loc      0x00000000     0x1446
 *(.debug_loc)
 .debug_loc     0x00000000      0x3b8 CAPACITIVE_TOUCH.o
 .debug_loc     0x000003b8       0xa5 CLOCK_MANAGE.o
 .debug_loc     0x0000045d      0x155 CONTROL_BUTTONS.o
 .debug_loc     0x000005b2       0x7c DIGITAL_7_SEG.o
 .debug_loc     0x0000062e      0x290 DIGITAL_CLOCK_CODE.o
 .debug_loc     0x000008be      0x153 microconfigrations.o
 .debug_loc     0x00000a11       0x21 timer0.o
 .debug_loc     0x00000a32      0xa14 TIMER1.o

.debug_macinfo
 *(.debug_macinfo)

.debug_weaknames
 *(.debug_weaknames)

.debug_funcnames
 *(.debug_funcnames)

.debug_typenames
 *(.debug_typenames)

.debug_varnames
 *(.debug_varnames)

.debug_pubtypes
 *(.debug_pubtypes)

.debug_ranges   0x00000000      0x198
 *(.debug_ranges)
 .debug_ranges  0x00000000       0x20 CAPACITIVE_TOUCH.o
 .debug_ranges  0x00000020       0x38 CLOCK_MANAGE.o
 .debug_ranges  0x00000058       0x18 CONTROL_BUTTONS.o
 .debug_ranges  0x00000070       0x30 DIGITAL_7_SEG.o
 .debug_ranges  0x000000a0       0x28 DIGITAL_CLOCK_CODE.o
 .debug_ranges  0x000000c8       0x28 microconfigrations.o
 .debug_ranges  0x000000f0       0x20 timer0.o
 .debug_ranges  0x00000110       0x88 TIMER1.o

.debug_macro
 *(.debug_macro)
OUTPUT(DIGITAL_CLOCK_CODE.elf elf32-avr)
LOAD linker stubs
